
> hekto_@0.1.0 build
> next build

Γû▓ Next.js 16.1.1 (Turbopack)
- Environments: .env.local, .env

  Creating an optimized production build ...
Γ£ô Compiled successfully in 93s
  Skipping validation of types
  Collecting page data using 3 workers ...
  Generating static pages using 3 workers (0/23) ...
  Generating static pages using 3 workers (5/23) 
  Generating static pages using 3 workers (11/23) 
  Generating static pages using 3 workers (17/23) 
Γ£ô Generating static pages using 3 workers (23/23) in 9.3s
  Finalizing page optimization ...

Route (app)
Γöî ╞Æ /
Γö£ ╞Æ /_not-found
Γö£ ╞Æ /about
Γö£ ╞Æ /admin/banner
Γö£ ╞Æ /admin/categories
Γö£ ╞Æ /admin/products
Γö£ ╞Æ /admin/products/new
Γö£ ╞Æ /admin/promo
Γö£ ╞Æ /admin/trending
Γö£ ╞Æ /api/auth/[...nextauth]
Γö£ ╞Æ /api/wishlist
Γö£ ╞Æ /api/wishlist/sync
Γö£ ╞Æ /blog
Γö£ ╞Æ /cart
Γö£ ╞Æ /checkout
Γö£ ╞Æ /contact
Γö£ ╞Æ /faq
Γö£ ╞Æ /login
Γö£ ╞Æ /login/verify
Γö£ ╞Æ /order-completed/[orderId]
Γö£ ╞Æ /shop
Γö£ ╞Æ /shop-left-sidebar
Γö£ ╞Æ /shop-list
Γö£ ╞Æ /shop/[id]
Γöö ╞Æ /wishlist


╞Æ  (Dynamic)  server-rendered on demand

